// Jest Snapshot v1, https://goo.gl/fbAQLP

exports[`plugins/MainMenuActions should match snapshot in mobile view with some plugin and ability to click plugin 1`] = `
<div
  aria-label="main menu"
  className="a11y__popup Menu"
  role="menu"
>
  <ul
    className="Menu__content dropdown-menu"
    onClick={[Function]}
    style={Object {}}
  >
    <MenuGroup>
      <Connect(SystemPermissionGate)
        permissions={
          Array [
            "sysconsole_write_billing",
          ]
        }
      >
        <MenuCloudTrial
          id="menuCloudTrial"
        />
      </Connect(SystemPermissionGate)>
    </MenuGroup>
    <MenuGroup>
      <Connect(SystemPermissionGate)
        permissions={
          Array [
            "sysconsole_write_about_edition_and_license",
          ]
        }
      >
        <MenuStartTrial
          id="startTrial"
        />
      </Connect(SystemPermissionGate)>
    </MenuGroup>
    <MenuGroup>
      <MenuItemAction
        icon={
          <i
            className="mentions"
          >
            @
          </i>
        }
        id="recentMentions"
        onClick={[Function]}
        show={true}
        text="Recent Mentions"
      />
      <MenuItemAction
        icon={
          <i
            className="fa fa-bookmark"
          />
        }
        id="flaggedPosts"
        onClick={[Function]}
        show={true}
        text="Saved Posts"
      />
    </MenuGroup>
    <MenuGroup>
      <MenuItemAction
        ariaLabel="Profile"
        icon={
          <i
            className="fa fa-cog"
          />
        }
        id="accountSettings"
        onClick={[Function]}
        show={true}
        text="Profile"
      />
    </MenuGroup>
    <MenuGroup>
      <Connect(TeamPermissionGate)
        permissions={
          Array [
            "manage_team",
          ]
        }
        teamId="someteamid"
      >
        <MenuItemToggleModalRedux
          dialogType={
            Object {
              "$$typeof": Symbol(react.memo),
              "WrappedComponent": [Function],
              "compare": null,
              "displayName": "Connect(AddGroupsToTeamModal)",
              "type": [Function],
            }
          }
          icon={
            <i
              className="fa fa-user-plus"
            />
          }
          id="addGroupsToTeam"
          modalId="add_groups_to_team"
          show={true}
          text="Add Groups to Team"
        />
      </Connect(TeamPermissionGate)>
    </MenuGroup>
    <MenuGroup>
      <Connect(TeamPermissionGate)
        permissions={
          Array [
            "manage_team",
          ]
        }
        teamId="someteamid"
      >
        <MenuItemToggleModalRedux
          dialogType={
            Object {
              "$$typeof": Symbol(react.memo),
              "WrappedComponent": [Function],
              "compare": null,
              "displayName": "Connect(TeamSettingsModal)",
              "type": [Function],
            }
          }
          icon={
            <i
              className="fa fa-globe"
            />
          }
          id="teamSettings"
          modalId="team_settings"
          show={true}
          text="Team Settings"
        />
      </Connect(TeamPermissionGate)>
    </MenuGroup>
    <MenuGroup>
      <MenuItemAction
        id="someplugin_pluginmenuitem"
        key="someplugin_pluginmenuitem"
        onClick={[Function]}
        show={true}
        text="some plugin text"
      />
    </MenuGroup>
    <MenuGroup>
      <MenuItemLink
        id="integrations"
        show={true}
        text="Integrations"
        to="/somename/integrations"
      />
    </MenuGroup>
    <MenuGroup>
      <MenuItemAction
        icon={
          <i
            className="fa fa-sign-out"
          />
        }
        id="logout"
        onClick={[Function]}
        show={true}
        text="Log Out"
      />
    </MenuGroup>
  </ul>
</div>
`;

exports[`plugins/MainMenuActions should match snapshot in web view 1`] = `
<div
  aria-label="team menu"
  className="a11y__popup Menu"
  role="menu"
>
  <ul
    className="Menu__content dropdown-menu"
    onClick={[Function]}
    style={Object {}}
  >
    <MenuGroup>
      <Connect(TeamPermissionGate)
        permissions={
          Array [
            "manage_team",
          ]
        }
        teamId="someteamid"
      >
        <MenuItemToggleModalRedux
          dialogType={
            Object {
              "$$typeof": Symbol(react.memo),
              "WrappedComponent": [Function],
              "compare": null,
              "displayName": "Connect(AddGroupsToTeamModal)",
              "type": [Function],
            }
          }
          id="addGroupsToTeam"
          modalId="add_groups_to_team"
          show={true}
          text="Add Groups to Team"
        />
      </Connect(TeamPermissionGate)>
      <Connect(TeamPermissionGate)
        permissions={
          Array [
            "manage_team",
          ]
        }
        teamId="someteamid"
      >
        <MenuItemToggleModalRedux
          dialogType={
            Object {
              "$$typeof": Symbol(react.memo),
              "WrappedComponent": [Function],
              "compare": null,
              "displayName": "Connect(TeamSettingsModal)",
              "type": [Function],
            }
          }
          id="teamSettings"
          modalId="team_settings"
          show={true}
          text="Team Settings"
        />
      </Connect(TeamPermissionGate)>
      <Connect(TeamPermissionGate)
        permissions={
          Array [
            "manage_team",
          ]
        }
        teamId="someteamid"
      >
        <MenuItemToggleModalRedux
          dialogProps={
            Object {
              "teamID": "someteamid",
            }
          }
          dialogType={
            Object {
              "$$typeof": Symbol(react.memo),
              "WrappedComponent": [Function],
              "compare": null,
              "displayName": "Connect(injectIntl(TeamGroupsManageModal))",
              "type": [Function],
            }
          }
          id="manageGroups"
          modalId="manage_team_groups"
          show={true}
          text="Manage Groups"
        />
      </Connect(TeamPermissionGate)>
      <Connect(TeamPermissionGate)
        invert={true}
        permissions={
          Array [
            "remove_user_from_team",
            "manage_team_roles",
          ]
        }
        teamId="someteamid"
      >
        <MenuItemToggleModalRedux
          dialogType={
            Object {
              "$$typeof": Symbol(react.memo),
              "WrappedComponent": [Function],
              "compare": null,
              "displayName": "Connect(TeamMembersModal)",
              "type": [Function],
            }
          }
          id="viewMembers"
          modalId="team_members"
          show={true}
          text="View Members"
        />
      </Connect(TeamPermissionGate)>
      <MenuItemLink
        id="joinTeam"
        show={true}
        text="Join Another Team"
        to="/select_team"
      />
    </MenuGroup>
    <MenuGroup>
      <MenuItemAction
        icon={false}
        id="someplugin_pluginmenuitem"
        key="someplugin_pluginmenuitem"
        onClick={[Function]}
        show={true}
        text="some plugin text"
      />
    </MenuGroup>
    <MenuGroup>
      <MenuItemLink
        id="integrations"
        show={true}
        text="Integrations"
        to="/somename/integrations"
      />
    </MenuGroup>
  </ul>
</div>
`;
