// Jest Snapshot v1, https://goo.gl/fbAQLP

exports[`plugins/PostMessageView should match snapshot with extended post type 1`] = `
<PostMessageView
  currentRelativeTeamUrl="team_url"
  enableFormatting={true}
  isRHS={false}
  options={Object {}}
  pluginPostTypes={
    Object {
      "testtype": Object {
        "component": [Function],
        "id": "some id",
        "pluginId": "some plugin id",
        "type": "",
      },
    }
  }
  post={
    Object {
      "id": "post_id",
      "message": "this is some text",
      "type": "testtype",
    }
  }
>
  <PostTypePlugin
    isRHS={false}
    post={
      Object {
        "id": "post_id",
        "message": "this is some text",
        "type": "testtype",
      }
    }
  >
    <span
      id="pluginId"
    >
      PostTypePlugin
    </span>
  </PostTypePlugin>
</PostMessageView>
`;

exports[`plugins/PostMessageView should match snapshot with no extended post type 1`] = `
<Connect(ShowMore)
  checkOverflow={0}
  text="this is some text"
>
  <div
    className="post-message__text"
    dir="auto"
    id="postMessageText_post_id"
    onClick={[Function]}
  >
    <Connect(PostMarkdown)
      imageProps={
        Object {
          "onImageHeightChanged": [Function],
          "onImageLoaded": [Function],
        }
      }
      message="this is some text"
      options={Object {}}
      post={
        Object {
          "id": "post_id",
          "message": "this is some text",
          "type": "testtype",
        }
      }
    />
  </div>
  <Pluggable
    onHeightChange={[Function]}
    pluggableName="PostMessageAttachment"
    postId="post_id"
  />
</Connect(ShowMore)>
`;
