// Jest Snapshot v1, https://goo.gl/fbAQLP

exports[`components/VersionBar should match snapshot - No Render since new call is none 1`] = `""`;

exports[`components/VersionBar should match snapshot - No Render since new call is none 2`] = `""`;

exports[`components/VersionBar should match snapshot - bar rendered after build hash change 1`] = `""`;

exports[`components/VersionBar should match snapshot - bar rendered after build hash change 2`] = `
<Connect(AnnouncementBar)
  message={
    <React.Fragment>
      <Memo(MemoizedFormattedMessage)
        defaultMessage="A new version of kChat is available."
        id="version_bar.new"
      />
      <a
        onClick={[Function]}
        style={
          Object {
            "marginLeft": ".5rem",
          }
        }
      >
        <Memo(MemoizedFormattedMessage)
          defaultMessage="Refresh the app now"
          id="version_bar.refresh"
        />
      </a>
      .
    </React.Fragment>
  }
  type="announcement"
/>
`;

exports[`components/VersionBar should match snapshot - bar rendered after build hash change 3`] = `""`;

exports[`components/VersionBar should match snapshot - bar rendered after build hash change 4`] = `
<Connect(AnnouncementBar)
  message={
    <React.Fragment>
      <Memo(MemoizedFormattedMessage)
        defaultMessage="A new version of kChat is available."
        id="version_bar.new"
      />
      <a
        onClick={[Function]}
        style={
          Object {
            "marginLeft": ".5rem",
          }
        }
      >
        <Memo(MemoizedFormattedMessage)
          defaultMessage="Refresh the app now"
          id="version_bar.refresh"
        />
      </a>
      .
    </React.Fragment>
  }
  type="announcement"
/>
`;

exports[`components/VersionBar should match snapshot - bar rendered but disappear afterward 1`] = `""`;

exports[`components/VersionBar should match snapshot - bar rendered but disappear afterward 2`] = `
<Connect(AnnouncementBar)
  message={
    <React.Fragment>
      <Memo(MemoizedFormattedMessage)
        defaultMessage="A new version of kChat is available."
        id="version_bar.new"
      />
      <a
        onClick={[Function]}
        style={
          Object {
            "marginLeft": ".5rem",
          }
        }
      >
        <Memo(MemoizedFormattedMessage)
          defaultMessage="Refresh the app now"
          id="version_bar.refresh"
        />
      </a>
      .
    </React.Fragment>
  }
  type="announcement"
/>
`;

exports[`components/VersionBar should match snapshot - bar rendered but disappear afterward 3`] = `""`;

exports[`components/VersionBar should match snapshot - no bar since no update 1`] = `""`;

exports[`components/VersionBar should match snapshot - no bar since no update 2`] = `""`;
