// Jest Snapshot v1, https://goo.gl/fbAQLP

exports[`components/LeaveChannelModal should match snapshot, init 1`] = `
Object {
  "asFragment": [Function],
  "baseElement": <body
    class="modal-open"
    style="padding-right: 0px;"
  >
    <div
      aria-hidden="true"
    />
    <div
      role="dialog"
    >
      <div
        class="fade modal-backdrop in"
      />
      <div
        aria-labelledby="channelInviteModalLabel"
        class="fade in modal"
        id="addUsersToChannelModal"
        role="dialog"
        style="display: block; padding-right: 0px;"
        tabindex="-1"
      >
        <div
          class="a11y__modal channel-invite modal-dialog"
        >
          <div
            class="modal-content"
            role="document"
          >
            <div
              class="modal-header"
              id="channelInviteModalLabel"
            >
              <button
                aria-label="Close"
                class="close"
                type="button"
              >
                <span
                  aria-hidden="true"
                >
                  Ã—
                </span>
                <span
                  class="sr-only"
                >
                  Close
                </span>
              </button>
              <h1
                class="modal-title"
                id="deletePostModalLabel"
              >
                Leave Private Channel 
                <b>
                  Test Channel 1
                </b>
              </h1>
            </div>
            <div
              class="overflow--visible modal-body"
              role="application"
            >
              <div
                class="channel-invite__content"
              >
                <div>
                  <div
                    class="alert alert-with-icon-leave alert-grey"
                  >
                    <i
                      class="icon-information-outline"
                    />
                    Only a channel administrator can invite you to join this channel again.
                  </div>
                  <div
                    class="alert-message"
                  >
                    Do you really want to leave the 
                    <b>
                      Test Channel 1
                    </b>
                     channel?
                  </div>
                </div>
              </div>
            </div>
            <div
              class="modal-footer"
            >
              <button
                class="btn btn-tertiary"
                id="cancelModalButton"
                type="button"
              >
                Cancel
              </button>
              <div
                class="leave-button"
              >
                <button
                  class="btn btn-danger"
                  data-testid="confirmModalButton"
                  id="confirmModalButton"
                  type="button"
                >
                  Leave
                </button>
              </div>
            </div>
          </div>
        </div>
      </div>
    </div>
  </body>,
  "container": <div
    aria-hidden="true"
  />,
  "debug": [Function],
  "findAllByAltText": [Function],
  "findAllByDisplayValue": [Function],
  "findAllByLabelText": [Function],
  "findAllByPlaceholderText": [Function],
  "findAllByRole": [Function],
  "findAllByTestId": [Function],
  "findAllByText": [Function],
  "findAllByTitle": [Function],
  "findByAltText": [Function],
  "findByDisplayValue": [Function],
  "findByLabelText": [Function],
  "findByPlaceholderText": [Function],
  "findByRole": [Function],
  "findByTestId": [Function],
  "findByText": [Function],
  "findByTitle": [Function],
  "getAllByAltText": [Function],
  "getAllByDisplayValue": [Function],
  "getAllByLabelText": [Function],
  "getAllByPlaceholderText": [Function],
  "getAllByRole": [Function],
  "getAllByTestId": [Function],
  "getAllByText": [Function],
  "getAllByTitle": [Function],
  "getByAltText": [Function],
  "getByDisplayValue": [Function],
  "getByLabelText": [Function],
  "getByPlaceholderText": [Function],
  "getByRole": [Function],
  "getByTestId": [Function],
  "getByText": [Function],
  "getByTitle": [Function],
  "queryAllByAltText": [Function],
  "queryAllByDisplayValue": [Function],
  "queryAllByLabelText": [Function],
  "queryAllByPlaceholderText": [Function],
  "queryAllByRole": [Function],
  "queryAllByTestId": [Function],
  "queryAllByText": [Function],
  "queryAllByTitle": [Function],
  "queryByAltText": [Function],
  "queryByDisplayValue": [Function],
  "queryByLabelText": [Function],
  "queryByPlaceholderText": [Function],
  "queryByRole": [Function],
  "queryByTestId": [Function],
  "queryByText": [Function],
  "queryByTitle": [Function],
  "replaceStoreState": [Function],
  "rerender": [Function],
  "unmount": [Function],
  "updateStoreState": [Function],
}
`;
