// Jest Snapshot v1, https://goo.gl/fbAQLP

exports[`components/PostProfilePicture should match snapshot, no status and post icon override specified, default props 1`] = `
<ProfilePicture
  channelId=""
  fromAutoResponder={false}
  fromWebhook={false}
  hasMention={true}
  isBot={false}
  isEmoji={false}
  popoverPlacement="right"
  profileSrc="/api/v4/users/defaultuser/image?_=0"
  size="md"
  src=""
  status="offline"
  userId="defaultuser"
  username="some-user"
  wrapperClass=""
/>
`;
