// Jest Snapshot v1, https://goo.gl/fbAQLP

exports[`components/view_image/ImagePreview should match snapshot, with preview 1`] = `
<div
  className="image_preview_div"
>
  <canvas
    className="image_preview_canvas__normal"
    onMouseDown={[Function]}
    onMouseEnter={[Function]}
    onMouseLeave={[Function]}
    onMouseMove={[Function]}
    onWheel={[Function]}
  />
</div>
`;

exports[`components/view_image/ImagePreview should match snapshot, with preview, cannot download 1`] = `
<div
  className="image_preview_div"
>
  <canvas
    className="image_preview_canvas__normal"
    onMouseDown={[Function]}
    onMouseEnter={[Function]}
    onMouseLeave={[Function]}
    onMouseMove={[Function]}
    onWheel={[Function]}
  />
</div>
`;

exports[`components/view_image/ImagePreview should match snapshot, without preview 1`] = `
<div
  className="image_preview_div"
>
  <canvas
    className="image_preview_canvas__normal"
    onMouseDown={[Function]}
    onMouseEnter={[Function]}
    onMouseLeave={[Function]}
    onMouseMove={[Function]}
    onWheel={[Function]}
  />
</div>
`;

exports[`components/view_image/ImagePreview should match snapshot, without preview, cannot download 1`] = `
<div
  className="image_preview_div"
>
  <canvas
    className="image_preview_canvas__normal"
    onMouseDown={[Function]}
    onMouseEnter={[Function]}
    onMouseLeave={[Function]}
    onMouseMove={[Function]}
    onWheel={[Function]}
  />
</div>
`;
