// Jest Snapshot v1, https://goo.gl/fbAQLP

exports[`components/sidebar/invite_members_button should match snapshot 1`] = `
<Provider
  store={
    Object {
      "clearActions": [Function],
      "dispatch": [Function],
      "getActions": [Function],
      "getState": [Function],
      "replaceReducer": [Function],
      "subscribe": [Function],
    }
  }
>
  <InviteMembersButton
    isAdmin={false}
  >
    <Connect(TeamPermissionGate)
      permissions={
        Array [
          "add_user_to_team",
          "invite_guest",
        ]
      }
      teamId="team_id2sss"
    >
      <TeamPermissionGate
        dispatch={[Function]}
        hasPermission={true}
        invert={false}
        permissions={
          Array [
            "add_user_to_team",
            "invite_guest",
          ]
        }
        teamId="team_id2sss"
      >
        <ToggleModalButton
          ariaLabel="Invite Members"
          className="intro-links color--link cursor--pointer"
          dialogType={
            Object {
              "$$typeof": Symbol(react.memo),
              "WrappedComponent": [Function],
              "compare": null,
              "type": [Function],
            }
          }
          id="inviteMembersButton"
          modalId="invitation"
          onClick={[Function]}
        >
          <button
            aria-label="Invite Members dialog"
            className="style--none intro-links color--link cursor--pointer"
            id="inviteMembersButton"
            onClick={[Function]}
          >
            <div
              aria-label="Invite Members"
              className="SidebarChannelNavigator__inviteMembersLhsButton"
            >
              <i
                className="icon-plus-box"
              />
              <FormattedMessage
                defaultMessage="Invite Members"
                id="sidebar_left.inviteMembers"
              >
                <span>
                  Invite Members
                </span>
              </FormattedMessage>
            </div>
          </button>
        </ToggleModalButton>
      </TeamPermissionGate>
    </Connect(TeamPermissionGate)>
  </InviteMembersButton>
</Provider>
`;
