// Jest Snapshot v1, https://goo.gl/fbAQLP

exports[`components/global/AtMentionsButton should match snapshot 1`] = `
<WithTooltip
  title={
    <React.Fragment>
      <Memo(MemoizedFormattedMessage)
        defaultMessage="Recent mentions"
        id="channel_header.recentMentions"
      />
      <Memo(KeyboardShortcutSequence)
        hideDescription={true}
        isInsideTooltip={true}
        shortcut={
          Object {
            "default": Object {
              "defaultMessage": "Recent mentions:	Ctrl|Shift|M",
              "id": "shortcuts.nav.recent_mentions",
            },
            "mac": Object {
              "defaultMessage": "Recent mentions:	âŒ˜|Shift|M",
              "id": "shortcuts.nav.recent_mentions.mac",
            },
          }
        }
      />
    </React.Fragment>
  }
>
  <ForwardRef
    aria-controls="searchContainer"
    aria-expanded={false}
    aria-label="Recent mentions"
    className="grey "
    compact={true}
    icon="mentions"
    id="right-controls-at-mentions"
    inverted={true}
    onClick={[Function]}
    size="sm"
    toggled={false}
  />
</WithTooltip>
`;
