// Jest Snapshot v1, https://goo.gl/fbAQLP

exports[`components/app_bar/app_bar should match snapshot on mount 1`] = `<DocumentFragment />`;

exports[`components/app_bar/app_bar should match snapshot on mount when App Bar is disabled 1`] = `<DocumentFragment />`;
