// Jest Snapshot v1, https://goo.gl/fbAQLP

exports[`NotificationPermissionBar should NOT render the NotificationUnsupportedBar if notifications are not supported on mobile 1`] = `<div />`;

exports[`NotificationPermissionBar should render the NotificationUnsupportedBar if notifications are not supported and NOT on mobile 1`] = `
<div>
  <div
    class="_StyledDiv-BRlth ksRYxX announcement-bar"
  >
    <div
      class="announcement-bar__text"
    >
      <i
        class="icon icon-alert-circle-outline"
      />
      <span>
        Your browser does not support browser notifications.
      </span>
      <button>
        Update your browser
      </button>
    </div>
    <a
      class="announcement-bar__close"
      href="#"
    >
      Ã—
    </a>
  </div>
</div>
`;
